// Jest Snapshot v1, https://goo.gl/fbAQLP

exports[`Snapshot test for Calculator page It should render an identical template 1`] = `
<div
  className="SectionContainer SectionCalculator"
>
  <div
    className="ChalkBoard LetsMath"
  >
    <div>
      Let's do some math!
    </div>
  </div>
  <div
    className="CalculatorContainer"
  >
    <h1
      className="logo"
    >
      JauJau
    </h1>
    <div
      className="Display"
    >
      <div
        className="Display-SubText"
      />
      <div
        className="Display-Text"
      />
    </div>
    <hr />
    <div
      className="ButtonsContainer"
    >
      <button
        className="Button Grey "
        onClick={[Function]}
        type="button"
      >
        AC
      </button>
      <button
        className="Button Grey "
        onClick={[Function]}
        type="button"
      >
        +/-
      </button>
      <button
        className="Button Grey "
        onClick={[Function]}
        type="button"
      >
        %
      </button>
      <button
        className="Button Orange "
        onClick={[Function]}
        type="button"
      >
        รท
      </button>
      <button
        className="Button Grey "
        onClick={[Function]}
        type="button"
      >
        7
      </button>
      <button
        className="Button Grey "
        onClick={[Function]}
        type="button"
      >
        8
      </button>
      <button
        className="Button Grey "
        onClick={[Function]}
        type="button"
      >
        9
      </button>
      <button
        className="Button Orange "
        onClick={[Function]}
        type="button"
      >
        x
      </button>
      <button
        className="Button Grey "
        onClick={[Function]}
        type="button"
      >
        4
      </button>
      <button
        className="Button Grey "
        onClick={[Function]}
        type="button"
      >
        5
      </button>
      <button
        className="Button Grey "
        onClick={[Function]}
        type="button"
      >
        6
      </button>
      <button
        className="Button Orange "
        onClick={[Function]}
        type="button"
      >
        -
      </button>
      <button
        className="Button Grey "
        onClick={[Function]}
        type="button"
      >
        1
      </button>
      <button
        className="Button Grey "
        onClick={[Function]}
        type="button"
      >
        2
      </button>
      <button
        className="Button Grey "
        onClick={[Function]}
        type="button"
      >
        3
      </button>
      <button
        className="Button Orange "
        onClick={[Function]}
        type="button"
      >
        +
      </button>
      <button
        className="Button Grey ColTwo"
        onClick={[Function]}
        type="button"
      >
        0
      </button>
      <button
        className="Button Grey "
        onClick={[Function]}
        type="button"
      >
        .
      </button>
      <button
        className="Button Orange "
        onClick={[Function]}
        type="button"
      >
        =
      </button>
    </div>
  </div>
</div>
`;
