// Jest Snapshot v1, https://goo.gl/fbAQLP

exports[`Snapshot test for Error page It should render an identical template as the snapshot 1`] = `
<div
  className="SectionContainer"
>
  <div
    className="ChalkBoard SectionContentContainer"
  >
    <div
      className="SectionContent"
    >
      404: Page not found!
    </div>
  </div>
</div>
`;
